1:a:x
2:b:y
